// Jest Snapshot v1, https://goo.gl/fbAQLP

exports[`should render Logo correctlly 1`] = `
<div
  className="items-center"
>
  <img
    alt="logo"
    className="logo-icon"
    src="/assets/images/logos/logo.png"
  />
</div>
`;
